16:43:26 - log file: logs/joint_seed42_20260911_164326.log
16:43:29 - joint baseline: 56347 training images, no CL, no gossip
16:47:24 - epoch 0 step 100 loss 1.1525
16:51:13 - epoch 0 step 200 loss 1.1951
16:55:02 - epoch 0 step 300 loss 1.3615
16:58:54 - epoch 0 step 400 loss 1.2647
17:02:43 - epoch 0 step 500 loss 1.2695
17:06:32 - epoch 0 step 600 loss 1.1235
17:10:21 - epoch 0 step 700 loss 1.3581
17:14:09 - epoch 0 step 800 loss 1.4105
17:18:01 - epoch 0 step 900 loss 1.2077
17:21:54 - epoch 0 step 1000 loss 1.2648
17:25:47 - epoch 0 step 1100 loss 1.2328
17:29:40 - epoch 0 step 1200 loss 1.3208
17:33:33 - epoch 0 step 1300 loss 1.1481
17:37:22 - epoch 0 step 1400 loss 1.1671
17:41:11 - epoch 0 step 1500 loss 1.0339
17:45:00 - epoch 0 step 1600 loss 1.1151
17:48:48 - epoch 0 step 1700 loss 1.1644
17:52:38 - epoch 1 step 1800 loss 1.1223
17:56:26 - epoch 1 step 1900 loss 1.2373
18:00:15 - epoch 1 step 2000 loss 1.1453
18:04:04 - epoch 1 step 2100 loss 1.0913
18:07:52 - epoch 1 step 2200 loss 1.1290
18:11:40 - epoch 1 step 2300 loss 1.3514
18:15:29 - epoch 1 step 2400 loss 1.0914
18:19:17 - epoch 1 step 2500 loss 1.1954
18:23:06 - epoch 1 step 2600 loss 1.1680
18:26:54 - epoch 1 step 2700 loss 1.1467
18:30:43 - epoch 1 step 2800 loss 1.1270
18:34:31 - epoch 1 step 2900 loss 1.2551
18:38:19 - epoch 1 step 3000 loss 1.2112
18:42:08 - epoch 1 step 3100 loss 1.3134
18:45:56 - epoch 1 step 3200 loss 1.3024
18:49:44 - epoch 1 step 3300 loss 1.4413
18:53:32 - epoch 1 step 3400 loss 1.2493
18:57:20 - epoch 1 step 3500 loss 1.3076
19:01:11 - epoch 2 step 3600 loss 1.2470
19:04:59 - epoch 2 step 3700 loss 1.0878
19:08:47 - epoch 2 step 3800 loss 1.1742
19:12:35 - epoch 2 step 3900 loss 1.2063
19:16:23 - epoch 2 step 4000 loss 1.2113
19:20:11 - epoch 2 step 4100 loss 1.1590
19:24:00 - epoch 2 step 4200 loss 1.1641
19:27:48 - epoch 2 step 4300 loss 1.1811
19:31:36 - epoch 2 step 4400 loss 1.2719
19:35:24 - epoch 2 step 4500 loss 1.1858
19:39:12 - epoch 2 step 4600 loss 1.3219
19:43:01 - epoch 2 step 4700 loss 1.1704
19:46:49 - epoch 2 step 4800 loss 1.3213
19:50:37 - epoch 2 step 4900 loss 1.1249
19:54:25 - epoch 2 step 5000 loss 1.3995
19:58:13 - epoch 2 step 5100 loss 1.4108
20:02:01 - epoch 2 step 5200 loss 1.3009
20:15:24 -          clear  mAP@[.5:.95] 0.2281
20:17:49 -       overcast  mAP@[.5:.95] 0.2628
20:19:18 -          rainy  mAP@[.5:.95] 0.2320
20:20:56 -          snowy  mAP@[.5:.95] 0.2447
20:22:24 -  partly cloudy  mAP@[.5:.95] 0.2624
20:22:24 - mean pooled mAP 0.2460
20:22:24 - saved -> runs/joint_seed42.json
